// Jest Snapshot v1, https://goo.gl/fbAQLP

exports[`renders correctly 1`] = `
<div
  className="css-15qcvv9"
>
  <p
    className="css-mafmc5"
  >
    Dev Nav Menu - Links to All Pages
  </p>
  <a
    href="/checkout"
    onClick={[Function]}
  >
    Checkout Page
  </a>
  <a
    href="/connect/return"
    onClick={[Function]}
  >
    Stripe Connect Onboarding Bridge (RETURN)
  </a>
  <a
    href="/connect/return"
    onClick={[Function]}
  >
    Stripe Connect Onboarding Bridge (REFRESH)
  </a>
  <a
    href="/customer-portal"
    onClick={[Function]}
  >
    Stripe Customer Portal Bridge
  </a>
  <a
    href="/page-not-found"
    onClick={[Function]}
  >
    "Page Not Found" Page
  </a>
</div>
`;
