// Vitest Snapshot v1, https://vitest.dev/guide/snapshot.html

exports[`renders correctly 1`] = `
<a
  className="stripe-badge-root stripe-logo-anchor"
  href="https://stripe.com/"
  rel="noreferrer"
  target="_blank"
>
  <img
    alt="Stripe Badge"
    className="stripe-logo-img"
    src="/src/images/powered_by_Stripe_purple.svg"
  />
</a>
`;
