// Jest Snapshot v1, https://goo.gl/fbAQLP

exports[`renders correctly 1`] = `
<div
  className="css-nk4bsi"
>
  <img
    className="css-tg2ra5"
    src="fixit-icon.png"
  />
  <div
    className="css-dcigc0"
  >
    <p
      className="css-1a9s9ng"
    >
      Enter your card details.
    </p>
    <p
      className="css-1a9s9ng"
      style={
        Object {
          "marginTop": "0.5rem",
        }
      }
    >
      Your subscription will begin as soon as 
      your payment is submitted.
    </p>
    <ul
      className="css-gxgq0b"
    >
      <li>
        <span>
          Billing will occur automatically around the same day each year.
        </span>
      </li>
      <li
        style={
          Object {
            "margin": "0.5rem 0",
          }
        }
      >
        <span>
          You can change or cancel your subscription at any time.
        </span>
      </li>
      <li>
        <span>
          You'll receive a confirmation email
           
          with receipt 
          upon completion, as well as regular emails regarding account updates and other Fixit info.
        </span>
      </li>
    </ul>
  </div>
  <div
    className="css-xfzfsr"
  >
    <div
      className="css-10lc53e"
    >
      <div
        className="css-1gyptdh"
      >
        <p
          className="css-p619qv"
        >
          Annual Plan
        </p>
      </div>
      <div
        className="css-1qhzrdj"
      >
        <p
          className="css-p619qv"
        >
          $50.00
        </p>
      </div>
    </div>
    <div
      className="css-10lc53e"
    >
      <div
        className="css-1gyptdh"
      >
        <p
          className="css-p619qv"
        >
          Total
        </p>
      </div>
      <div
        className="css-aty8j4"
      >
        <p
          className="css-p619qv"
        >
          $50.00
        </p>
      </div>
    </div>
  </div>
  <form
    className="css-d92vw3"
    onSubmit={[Function]}
  >
    <div
      className="css-1wwdssh"
    >
      <label
        className="css-43qmoq"
        htmlFor="card-element"
      >
        Credit or Debit Card
      </label>
      <div
        className="css-1f994ut"
        id="card-element"
      />
      <div
        className="css-kqgi67"
      >
        <p
          className="css-1qyvk2s"
        />
      </div>
    </div>
    <button
      className="MuiButtonBase-root MuiButton-root MuiButton-contained MuiButton-containedPrimary MuiButton-sizeLarge MuiButton-containedSizeLarge Mui-disabled MuiButton-root MuiButton-contained MuiButton-containedPrimary MuiButton-sizeLarge MuiButton-containedSizeLarge css-1mo5pof-MuiButtonBase-root-MuiButton-root"
      disabled={true}
      onBlur={[Function]}
      onContextMenu={[Function]}
      onDragLeave={[Function]}
      onFocus={[Function]}
      onKeyDown={[Function]}
      onKeyUp={[Function]}
      onMouseDown={[Function]}
      onMouseLeave={[Function]}
      onMouseUp={[Function]}
      onTouchEnd={[Function]}
      onTouchMove={[Function]}
      onTouchStart={[Function]}
      style={
        Object {
          "display": "flex",
          "justifySelf": "flex-end",
        }
      }
      tabIndex={-1}
      type="submit"
    >
      Subscribe
    </button>
  </form>
  <span
    className="css-1iupv5q"
  >
    <a
      href="https://stripe.com/"
    >
      <img
        alt="Stripe Badge"
        src="powered_by_stripe.png"
      />
    </a>
  </span>
</div>
`;
